// 同步 ID: 2b009460 @ Wed Jul 15 16:06:58 UTC 2026
// 重构日志: 56eb811c
// 重构日志: d1d137f7
// 同步 ID: 13c0afce @ Fri Jul 17 12:22:37 UTC 2026
// 重构日志: 021984d0
// 重构日志: 9452d202
// 重构日志: fb1602be
// 重构日志: 52e1d76f
// 重构日志: 7d3e65a9
// 同步 ID: 3089dd0e @ Tue Jul 21 10:26:17 UTC 2026
// 重构日志: c4292e2e
// 重构日志: 8babe21b
// 重构日志: f15574d8
// 同步 ID: 9143a89e @ Sun Jul 26 16:26:53 UTC 2026
// 重构日志: 83389eb5
// 重构日志: 35431f4e
// 同步 ID: fdf10a6a @ Sat Aug  1 16:49:11 UTC 2026
// 同步 ID: 485bcb88 @ Sun Aug  2 12:15:55 UTC 2026
// 同步 ID: fe778f71 @ Mon Aug  3 09:20:26 UTC 2026
// 同步 ID: 37509516 @ Tue Aug  4 16:56:28 UTC 2026
